error: no test target named `verifier_tests` in default-run packages
help: available test targets:
    alloca_metadata_test
    atomic_bisect
    atomic_full_test
    atomic_load_test
    cfg_landingpad_validation_tests
    codegen_integration_test
    complex_pointer_parsing_tests
    constant_folding_tests
    dce_tests
    debug_cmpxchg
    debug_failing_test
    debug_test
    end_to_end_test
    global_variable_tests
    hello_world_test
    instruction_combining_tests
    instruction_tests
    integration_tests
    level1_assembler_basic_tests
    level2_type_system_tests
    level3_instcombine_tests
    level4_verifier
    level4_verifier_tests
    level5_assembler_tests
    level6_bitcode_tests
    level7_verifier_tests
    llvm_test_harness
    metadata_validation_tests
    parse_llvm_tests
    pass_registry_tests
    quick_parse_test
    simple_metadata
    test_alloca_function_type
    test_amdgpu_cc
    test_array_param
    test_block_labels
    test_bool_in_call
    test_br_labels
    test_br_with_labels
    test_byref_array
    test_byref_attr
    test_byref_file
    test_byref_half
    test_byref_non_pointer
    test_byval_with_type
    test_c
    test_callbr
    test_callbr_full
    test_callbr_half
    test_callbr_inc
    test_dbg_metadata
    test_elementtype_issue
    test_elementtype_ll
    test_fast_math
    test_final_two
    test_fp_intrinsics
    test_fp_simple
    test_inalloca2
    test_inalloca_minimal
    test_inalloca_type
    test_initializes
    test_metadata_parsing
    test_musttail
    test_opaque_type
    test_partial
    test_token_none
    type_checking_validation_tests
    types_tests
